{"timestamp": "2026-02-11T17:02:45+0800", "level": "INFO", "logger": "etl_logger", "message": "Reconcile Finish ，Total Mismatch Case: 78", "service": "cc_reconcile", "stage": "reconcile", "status": "ok"}
{"timestamp": "2026-02-11T17:02:46+0800", "level": "INFO", "logger": "etl_logger", "message": "Connect Lark Finish", "service": "cc_reconcile", "stage": "lark", "status": "ok"}
{"timestamp": "2026-02-11T17:02:46+0800", "level": "INFO", "logger": "etl_logger", "message": "✅ Successfully retrieved file list from Lark Drive", "service": "cc_reconcile", "stage": "lark", "status": "ok"}
{"timestamp": "2026-02-11T17:02:46+0800", "level": "INFO", "logger": "etl_logger", "message": "Get file list in LarkFolder Finish", "service": "cc_reconcile", "stage": "lark", "status": "ok"}
{"timestamp": "2026-02-11T17:02:47+0800", "level": "INFO", "logger": "etl_logger", "message": "Found LarkSheet - Name: peter sheet, Token: Y4kHsx8L7herZXtbQgdlIsjZgOd, Sheet ID: 6e0be3", "service": "cc_reconcile", "stage": "lark", "status": "ok"}
{"timestamp": "2026-02-11T17:02:47+0800", "level": "INFO", "logger": "etl_logger", "message": "Start query existing data in LarkSheet...", "service": "cc_reconcile", "stage": "lark", "status": "ok"}
{"timestamp": "2026-02-11T17:02:47+0800", "level": "INFO", "logger": "etl_logger", "message": "LarkSheet is empty, start uploading all data...", "service": "cc_reconcile", "stage": "lark", "status": "ok"}
{"timestamp": "2026-02-11T17:02:47+0800", "level": "INFO", "logger": "etl_logger", "message": "Append data to LarkSheet with range: 6e0be3!A1:L2, rows: 1, columns: 12", "service": "cc_reconcile", "stage": "lark", "status": "ok"}
{"timestamp": "2026-02-11T17:02:47+0800", "level": "INFO", "logger": "etl_logger", "message": "✅ Successfully appended data to LarkSheet", "service": "cc_reconcile", "stage": "lark", "status": "ok"}
{"timestamp": "2026-02-11T17:02:48+0800", "level": "INFO", "logger": "etl_logger", "message": "Append data to LarkSheet with range: 6e0be3!A2:L80, rows: 78, columns: 12", "service": "cc_reconcile", "stage": "lark", "status": "ok"}
{"timestamp": "2026-02-11T17:02:48+0800", "level": "ERROR", "logger": "etl_logger", "message": "❌ Exception occurred while appending data to LarkSheet: Object of type Timestamp is not JSON serializable", "service": "cc_reconcile", "stage": "lark", "status": "ok"}
{"timestamp": "2026-02-11T17:02:48+0800", "level": "INFO", "logger": "etl_logger", "message": "Upload data to LarkSheet Finish", "service": "cc_reconcile", "stage": "lark", "status": "ok"}
{"timestamp": "2026-02-11T17:12:01+0800", "level": "INFO", "logger": "etl_logger", "message": "Start download reports...", "service": "cc_reconcile", "stage": "download", "status": "ok"}
{"timestamp": "2026-02-11T17:12:05+0800", "level": "INFO", "logger": "etl_logger", "message": "Payabl Login Success and Get Token Success", "service": "cc_reconcile", "stage": "download_payabl", "status": "ok"}
{"timestamp": "2026-02-11T17:12:05+0800", "level": "INFO", "logger": "etl_logger", "message": "Start downloading Payabl CC Report for date: 2026-02-10...", "service": "cc_reconcile", "stage": "download_payabl", "status": "ok"}
{"timestamp": "2026-02-11T17:12:45+0800", "level": "INFO", "logger": "etl_logger", "message": "Start downloading Payabl CC Report for date: 2026-02-11...", "service": "cc_reconcile", "stage": "download_payabl", "status": "ok"}
{"timestamp": "2026-02-11T17:13:00+0800", "level": "INFO", "logger": "etl_logger", "message": "Finish downloading Payabl CC Report", "service": "cc_reconcile", "stage": "download_payabl", "status": "ok"}
{"timestamp": "2026-02-11T17:13:00+0800", "level": "INFO", "logger": "etl_logger", "message": "Download Payabl CC Report Finish ，Total: 65044", "service": "cc_reconcile", "stage": "download", "status": "ok"}
{"timestamp": "2026-02-11T17:13:01+0800", "level": "INFO", "logger": "etl_logger", "message": "Login successful, cookies obtained", "service": "cc_reconcile", "stage": "download_davinci", "status": "ok"}
{"timestamp": "2026-02-11T17:13:01+0800", "level": "INFO", "logger": "etl_logger", "message": "Token obtained successfully", "service": "cc_reconcile", "stage": "download_davinci", "status": "ok"}
{"timestamp": "2026-02-11T17:13:01+0800", "level": "INFO", "logger": "etl_logger", "message": "Start downloading Davinci CC Report for brand: VFSC...", "service": "cc_reconcile", "stage": "download_davinci", "status": "ok"}
{"timestamp": "2026-02-11T17:13:19+0800", "level": "INFO", "logger": "etl_logger", "message": "POST success (VFSC 2026-02-08): cc_withdraw_detail_report_20260211091319.csv, took 17.4s", "service": "cc_reconcile", "stage": "download_davinci", "status": "ok"}
{"timestamp": "2026-02-11T17:13:21+0800", "level": "INFO", "logger": "etl_logger", "message": "Download success (VFSC 2026-02-08): cc_withdraw_detail_report_20260211091319.csv, took 1.6s", "service": "cc_reconcile", "stage": "download_davinci", "status": "ok"}
{"timestamp": "2026-02-11T17:13:38+0800", "level": "INFO", "logger": "etl_logger", "message": "POST success (VFSC 2026-02-09): cc_withdraw_detail_report_20260211091338.csv, took 17.1s", "service": "cc_reconcile", "stage": "download_davinci", "status": "ok"}
{"timestamp": "2026-02-11T17:13:39+0800", "level": "INFO", "logger": "etl_logger", "message": "Download success (VFSC 2026-02-09): cc_withdraw_detail_report_20260211091338.csv, took 1.8s", "service": "cc_reconcile", "stage": "download_davinci", "status": "ok"}
{"timestamp": "2026-02-11T17:13:56+0800", "level": "INFO", "logger": "etl_logger", "message": "POST success (VFSC 2026-02-10): cc_withdraw_detail_report_20260211091356.csv, took 16.8s", "service": "cc_reconcile", "stage": "download_davinci", "status": "ok"}
{"timestamp": "2026-02-11T17:13:58+0800", "level": "INFO", "logger": "etl_logger", "message": "Download success (VFSC 2026-02-10): cc_withdraw_detail_report_20260211091356.csv, took 2.1s", "service": "cc_reconcile", "stage": "download_davinci", "status": "ok"}
{"timestamp": "2026-02-11T17:14:16+0800", "level": "INFO", "logger": "etl_logger", "message": "POST success (VFSC 2026-02-11): cc_withdraw_detail_report_20260211091416.csv, took 17.3s", "service": "cc_reconcile", "stage": "download_davinci", "status": "ok"}
{"timestamp": "2026-02-11T17:14:17+0800", "level": "INFO", "logger": "etl_logger", "message": "Download success (VFSC 2026-02-11): cc_withdraw_detail_report_20260211091416.csv, took 1.7s", "service": "cc_reconcile", "stage": "download_davinci", "status": "ok"}
{"timestamp": "2026-02-11T17:14:17+0800", "level": "INFO", "logger": "etl_logger", "message": "Finish downloading Davinci CC - VFSC Report", "service": "cc_reconcile", "stage": "download_davinci", "status": "ok"}
{"timestamp": "2026-02-11T17:14:17+0800", "level": "INFO", "logger": "etl_logger", "message": "Start downloading Davinci CC Report for brand: VFSC2...", "service": "cc_reconcile", "stage": "download_davinci", "status": "ok"}
{"timestamp": "2026-02-11T17:15:05+0800", "level": "INFO", "logger": "etl_logger", "message": "POST success (VFSC2 2026-02-08): cc_withdraw_detail_report_20260211091505.csv, took 48.1s", "service": "cc_reconcile", "stage": "download_davinci", "status": "ok"}
{"timestamp": "2026-02-11T17:15:08+0800", "level": "INFO", "logger": "etl_logger", "message": "Download success (VFSC2 2026-02-08): cc_withdraw_detail_report_20260211091505.csv, took 2.4s", "service": "cc_reconcile", "stage": "download_davinci", "status": "ok"}
{"timestamp": "2026-02-11T17:15:58+0800", "level": "INFO", "logger": "etl_logger", "message": "POST success (VFSC2 2026-02-09): cc_withdraw_detail_report_20260211091558.csv, took 50.6s", "service": "cc_reconcile", "stage": "download_davinci", "status": "ok"}
{"timestamp": "2026-02-11T17:16:01+0800", "level": "INFO", "logger": "etl_logger", "message": "Download success (VFSC2 2026-02-09): cc_withdraw_detail_report_20260211091558.csv, took 2.9s", "service": "cc_reconcile", "stage": "download_davinci", "status": "ok"}
{"timestamp": "2026-02-11T17:16:51+0800", "level": "INFO", "logger": "etl_logger", "message": "POST success (VFSC2 2026-02-10): cc_withdraw_detail_report_20260211091650.csv, took 49.3s", "service": "cc_reconcile", "stage": "download_davinci", "status": "ok"}
{"timestamp": "2026-02-11T17:16:54+0800", "level": "INFO", "logger": "etl_logger", "message": "Download success (VFSC2 2026-02-10): cc_withdraw_detail_report_20260211091650.csv, took 2.9s", "service": "cc_reconcile", "stage": "download_davinci", "status": "ok"}
{"timestamp": "2026-02-11T17:17:43+0800", "level": "INFO", "logger": "etl_logger", "message": "POST success (VFSC2 2026-02-11): cc_withdraw_detail_report_20260211091743.csv, took 49.3s", "service": "cc_reconcile", "stage": "download_davinci", "status": "ok"}
{"timestamp": "2026-02-11T17:17:45+0800", "level": "INFO", "logger": "etl_logger", "message": "Download success (VFSC2 2026-02-11): cc_withdraw_detail_report_20260211091743.csv, took 2.4s", "service": "cc_reconcile", "stage": "download_davinci", "status": "ok"}
{"timestamp": "2026-02-11T17:17:46+0800", "level": "INFO", "logger": "etl_logger", "message": "Finish downloading Davinci CC - VFSC2 Report", "service": "cc_reconcile", "stage": "download_davinci", "status": "ok"}
{"timestamp": "2026-02-11T17:17:46+0800", "level": "INFO", "logger": "etl_logger", "message": "Finish downloading Davinci CC Report for all brands, total rows: 32901", "service": "cc_reconcile", "stage": "download_davinci", "status": "ok"}
{"timestamp": "2026-02-11T17:17:46+0800", "level": "INFO", "logger": "etl_logger", "message": "Download CRM CC Report Finish ，Total: 32901", "service": "cc_reconcile", "stage": "download", "status": "ok"}
{"timestamp": "2026-02-11T17:17:46+0800", "level": "INFO", "logger": "etl_logger", "message": "Start reconcile...", "service": "cc_reconcile", "stage": "reconcile", "status": "ok"}
{"timestamp": "2026-02-11T17:17:46+0800", "level": "INFO", "logger": "etl_logger", "message": "Reconcile Finish ，Total Mismatch Case: 77", "service": "cc_reconcile", "stage": "reconcile", "status": "ok"}
{"timestamp": "2026-02-11T17:17:47+0800", "level": "INFO", "logger": "etl_logger", "message": "Connect Lark Finish", "service": "cc_reconcile", "stage": "lark", "status": "ok"}
{"timestamp": "2026-02-11T17:17:47+0800", "level": "INFO", "logger": "etl_logger", "message": "✅ Successfully retrieved file list from Lark Drive", "service": "cc_reconcile", "stage": "lark", "status": "ok"}
{"timestamp": "2026-02-11T17:17:47+0800", "level": "INFO", "logger": "etl_logger", "message": "Get file list in LarkFolder Finish", "service": "cc_reconcile", "stage": "lark", "status": "ok"}
{"timestamp": "2026-02-11T17:17:48+0800", "level": "INFO", "logger": "etl_logger", "message": "Found LarkSheet - Name: peter sheet, Token: Y4kHsx8L7herZXtbQgdlIsjZgOd, Sheet ID: 6e0be3", "service": "cc_reconcile", "stage": "lark", "status": "ok"}
{"timestamp": "2026-02-11T17:17:48+0800", "level": "INFO", "logger": "etl_logger", "message": "Start query existing data in LarkSheet...", "service": "cc_reconcile", "stage": "lark", "status": "ok"}
{"timestamp": "2026-02-11T17:17:48+0800", "level": "INFO", "logger": "etl_logger", "message": "LarkSheet is empty, start uploading all data...", "service": "cc_reconcile", "stage": "lark", "status": "ok"}
{"timestamp": "2026-02-11T17:17:48+0800", "level": "INFO", "logger": "etl_logger", "message": "Append data to LarkSheet with range: 6e0be3!A1:L2, rows: 1, columns: 12", "service": "cc_reconcile", "stage": "lark", "status": "ok"}
{"timestamp": "2026-02-11T17:17:49+0800", "level": "INFO", "logger": "etl_logger", "message": "✅ Successfully appended data to LarkSheet", "service": "cc_reconcile", "stage": "lark", "status": "ok"}
{"timestamp": "2026-02-11T17:17:49+0800", "level": "INFO", "logger": "etl_logger", "message": "Append data to LarkSheet with range: 6e0be3!A2:L79, rows: 77, columns: 12", "service": "cc_reconcile", "stage": "lark", "status": "ok"}
{"timestamp": "2026-02-11T17:17:50+0800", "level": "INFO", "logger": "etl_logger", "message": "✅ Successfully appended data to LarkSheet", "service": "cc_reconcile", "stage": "lark", "status": "ok"}
{"timestamp": "2026-02-11T17:17:50+0800", "level": "INFO", "logger": "etl_logger", "message": "Upload data to LarkSheet Finish", "service": "cc_reconcile", "stage": "lark", "status": "ok"}
{"timestamp": "2026-02-11T18:00:02+0800", "level": "INFO", "logger": "etl_logger", "message": "Start download reports...", "service": "cc_reconcile", "stage": "download", "status": "ok"}
{"timestamp": "2026-02-11T18:00:05+0800", "level": "INFO", "logger": "etl_logger", "message": "Payabl Login Success and Get Token Success", "service": "cc_reconcile", "stage": "download_payabl", "status": "ok"}
{"timestamp": "2026-02-11T18:00:05+0800", "level": "INFO", "logger": "etl_logger", "message": "Start downloading Payabl CC Report for date: 2026-02-10...", "service": "cc_reconcile", "stage": "download_payabl", "status": "ok"}
{"timestamp": "2026-02-11T18:00:44+0800", "level": "INFO", "logger": "etl_logger", "message": "Start downloading Payabl CC Report for date: 2026-02-11...", "service": "cc_reconcile", "stage": "download_payabl", "status": "ok"}
{"timestamp": "2026-02-11T18:00:59+0800", "level": "INFO", "logger": "etl_logger", "message": "Finish downloading Payabl CC Report", "service": "cc_reconcile", "stage": "download_payabl", "status": "ok"}
{"timestamp": "2026-02-11T18:00:59+0800", "level": "INFO", "logger": "etl_logger", "message": "Download Payabl CC Report Finish ，Total: 66861", "service": "cc_reconcile", "stage": "download", "status": "ok"}
Traceback (most recent call last):
  File "/app/main.py", line 87, in <module>
    main()
  File "/app/main.py", line 23, in main
    crm_cc    = download_davinci_cc_reports()
  File "/app/cc_withdraw_crawler.py", line 202, in download_davinci_cc_reports
    cookies, token = login_and_get_token(             #  Login and Get token
  File "/app/cc_withdraw_crawler.py", line 147, in login_and_get_token
    raise RuntimeError("被導回登入頁，帳密或 TOTP 可能錯誤")
RuntimeError: 被導回登入頁，帳密或 TOTP 可能錯誤
{"timestamp": "2026-02-11T19:00:01+0800", "level": "INFO", "logger": "etl_logger", "message": "Start download reports...", "service": "cc_reconcile", "stage": "download", "status": "ok"}
{"timestamp": "2026-02-11T19:00:04+0800", "level": "INFO", "logger": "etl_logger", "message": "Payabl Login Success and Get Token Success", "service": "cc_reconcile", "stage": "download_payabl", "status": "ok"}
{"timestamp": "2026-02-11T19:00:04+0800", "level": "INFO", "logger": "etl_logger", "message": "Start downloading Payabl CC Report for date: 2026-02-10...", "service": "cc_reconcile", "stage": "download_payabl", "status": "ok"}
{"timestamp": "2026-02-11T19:00:47+0800", "level": "INFO", "logger": "etl_logger", "message": "Start downloading Payabl CC Report for date: 2026-02-11...", "service": "cc_reconcile", "stage": "download_payabl", "status": "ok"}
{"timestamp": "2026-02-11T19:01:06+0800", "level": "INFO", "logger": "etl_logger", "message": "Finish downloading Payabl CC Report", "service": "cc_reconcile", "stage": "download_payabl", "status": "ok"}
{"timestamp": "2026-02-11T19:01:06+0800", "level": "INFO", "logger": "etl_logger", "message": "Download Payabl CC Report Finish ，Total: 70648", "service": "cc_reconcile", "stage": "download", "status": "ok"}
{"timestamp": "2026-02-11T19:01:07+0800", "level": "INFO", "logger": "etl_logger", "message": "Login successful, cookies obtained", "service": "cc_reconcile", "stage": "download_davinci", "status": "ok"}
{"timestamp": "2026-02-11T19:01:08+0800", "level": "INFO", "logger": "etl_logger", "message": "Token obtained successfully", "service": "cc_reconcile", "stage": "download_davinci", "status": "ok"}
{"timestamp": "2026-02-11T19:01:08+0800", "level": "INFO", "logger": "etl_logger", "message": "Start downloading Davinci CC Report for brand: VFSC...", "service": "cc_reconcile", "stage": "download_davinci", "status": "ok"}
{"timestamp": "2026-02-11T19:01:25+0800", "level": "INFO", "logger": "etl_logger", "message": "POST success (VFSC 2026-02-08): cc_withdraw_detail_report_20260211110125.csv, took 17.7s", "service": "cc_reconcile", "stage": "download_davinci", "status": "ok"}
{"timestamp": "2026-02-11T19:01:27+0800", "level": "INFO", "logger": "etl_logger", "message": "Download success (VFSC 2026-02-08): cc_withdraw_detail_report_20260211110125.csv, took 1.7s", "service": "cc_reconcile", "stage": "download_davinci", "status": "ok"}
{"timestamp": "2026-02-11T19:01:44+0800", "level": "INFO", "logger": "etl_logger", "message": "POST success (VFSC 2026-02-09): cc_withdraw_detail_report_20260211110144.csv, took 17.3s", "service": "cc_reconcile", "stage": "download_davinci", "status": "ok"}
{"timestamp": "2026-02-11T19:01:46+0800", "level": "INFO", "logger": "etl_logger", "message": "Download success (VFSC 2026-02-09): cc_withdraw_detail_report_20260211110144.csv, took 1.7s", "service": "cc_reconcile", "stage": "download_davinci", "status": "ok"}
{"timestamp": "2026-02-11T19:02:03+0800", "level": "INFO", "logger": "etl_logger", "message": "POST success (VFSC 2026-02-10): cc_withdraw_detail_report_20260211110203.csv, took 16.9s", "service": "cc_reconcile", "stage": "download_davinci", "status": "ok"}
{"timestamp": "2026-02-11T19:02:05+0800", "level": "INFO", "logger": "etl_logger", "message": "Download success (VFSC 2026-02-10): cc_withdraw_detail_report_20260211110203.csv, took 2.1s", "service": "cc_reconcile", "stage": "download_davinci", "status": "ok"}
{"timestamp": "2026-02-11T19:02:22+0800", "level": "INFO", "logger": "etl_logger", "message": "POST success (VFSC 2026-02-11): cc_withdraw_detail_report_20260211110222.csv, took 17.0s", "service": "cc_reconcile", "stage": "download_davinci", "status": "ok"}
{"timestamp": "2026-02-11T19:02:24+0800", "level": "INFO", "logger": "etl_logger", "message": "Download success (VFSC 2026-02-11): cc_withdraw_detail_report_20260211110222.csv, took 1.9s", "service": "cc_reconcile", "stage": "download_davinci", "status": "ok"}
{"timestamp": "2026-02-11T19:02:24+0800", "level": "INFO", "logger": "etl_logger", "message": "Finish downloading Davinci CC - VFSC Report", "service": "cc_reconcile", "stage": "download_davinci", "status": "ok"}
{"timestamp": "2026-02-11T19:02:24+0800", "level": "INFO", "logger": "etl_logger", "message": "Start downloading Davinci CC Report for brand: VFSC2...", "service": "cc_reconcile", "stage": "download_davinci", "status": "ok"}
{"timestamp": "2026-02-11T19:03:13+0800", "level": "INFO", "logger": "etl_logger", "message": "POST success (VFSC2 2026-02-08): cc_withdraw_detail_report_20260211110313.csv, took 49.2s", "service": "cc_reconcile", "stage": "download_davinci", "status": "ok"}
{"timestamp": "2026-02-11T19:03:15+0800", "level": "INFO", "logger": "etl_logger", "message": "Download success (VFSC2 2026-02-08): cc_withdraw_detail_report_20260211110313.csv, took 1.7s", "service": "cc_reconcile", "stage": "download_davinci", "status": "ok"}
{"timestamp": "2026-02-11T19:04:04+0800", "level": "INFO", "logger": "etl_logger", "message": "POST success (VFSC2 2026-02-09): cc_withdraw_detail_report_20260211110404.csv, took 49.2s", "service": "cc_reconcile", "stage": "download_davinci", "status": "ok"}
{"timestamp": "2026-02-11T19:04:07+0800", "level": "INFO", "logger": "etl_logger", "message": "Download success (VFSC2 2026-02-09): cc_withdraw_detail_report_20260211110404.csv, took 3.1s", "service": "cc_reconcile", "stage": "download_davinci", "status": "ok"}
{"timestamp": "2026-02-11T19:04:56+0800", "level": "INFO", "logger": "etl_logger", "message": "POST success (VFSC2 2026-02-10): cc_withdraw_detail_report_20260211110456.csv, took 49.4s", "service": "cc_reconcile", "stage": "download_davinci", "status": "ok"}
{"timestamp": "2026-02-11T19:04:59+0800", "level": "INFO", "logger": "etl_logger", "message": "Download success (VFSC2 2026-02-10): cc_withdraw_detail_report_20260211110456.csv, took 2.9s", "service": "cc_reconcile", "stage": "download_davinci", "status": "ok"}
{"timestamp": "2026-02-11T19:05:48+0800", "level": "INFO", "logger": "etl_logger", "message": "POST success (VFSC2 2026-02-11): cc_withdraw_detail_report_20260211110548.csv, took 48.6s", "service": "cc_reconcile", "stage": "download_davinci", "status": "ok"}
{"timestamp": "2026-02-11T19:05:50+0800", "level": "INFO", "logger": "etl_logger", "message": "Download success (VFSC2 2026-02-11): cc_withdraw_detail_report_20260211110548.csv, took 1.9s", "service": "cc_reconcile", "stage": "download_davinci", "status": "ok"}
{"timestamp": "2026-02-11T19:05:50+0800", "level": "INFO", "logger": "etl_logger", "message": "Finish downloading Davinci CC - VFSC2 Report", "service": "cc_reconcile", "stage": "download_davinci", "status": "ok"}
{"timestamp": "2026-02-11T19:05:50+0800", "level": "INFO", "logger": "etl_logger", "message": "Finish downloading Davinci CC Report for all brands, total rows: 33940", "service": "cc_reconcile", "stage": "download_davinci", "status": "ok"}
{"timestamp": "2026-02-11T19:05:50+0800", "level": "INFO", "logger": "etl_logger", "message": "Download CRM CC Report Finish ，Total: 33940", "service": "cc_reconcile", "stage": "download", "status": "ok"}
{"timestamp": "2026-02-11T19:05:50+0800", "level": "INFO", "logger": "etl_logger", "message": "Start reconcile...", "service": "cc_reconcile", "stage": "reconcile", "status": "ok"}
{"timestamp": "2026-02-11T19:05:51+0800", "level": "INFO", "logger": "etl_logger", "message": "Reconcile Finish ，Total Mismatch Case: 79", "service": "cc_reconcile", "stage": "reconcile", "status": "ok"}
{"timestamp": "2026-02-11T19:05:51+0800", "level": "INFO", "logger": "etl_logger", "message": "Connect Lark Finish", "service": "cc_reconcile", "stage": "lark", "status": "ok"}
{"timestamp": "2026-02-11T19:05:52+0800", "level": "INFO", "logger": "etl_logger", "message": "✅ Successfully retrieved file list from Lark Drive", "service": "cc_reconcile", "stage": "lark", "status": "ok"}
{"timestamp": "2026-02-11T19:05:52+0800", "level": "INFO", "logger": "etl_logger", "message": "Get file list in LarkFolder Finish", "service": "cc_reconcile", "stage": "lark", "status": "ok"}
{"timestamp": "2026-02-11T19:05:52+0800", "level": "INFO", "logger": "etl_logger", "message": "Found LarkSheet - Name: peter sheet, Token: Y4kHsx8L7herZXtbQgdlIsjZgOd, Sheet ID: 6e0be3", "service": "cc_reconcile", "stage": "lark", "status": "ok"}
{"timestamp": "2026-02-11T19:05:52+0800", "level": "INFO", "logger": "etl_logger", "message": "Start query existing data in LarkSheet...", "service": "cc_reconcile", "stage": "lark", "status": "ok"}
{"timestamp": "2026-02-11T19:05:53+0800", "level": "INFO", "logger": "etl_logger", "message": "LarkSheet is empty, start uploading all data...", "service": "cc_reconcile", "stage": "lark", "status": "ok"}
{"timestamp": "2026-02-11T19:05:53+0800", "level": "INFO", "logger": "etl_logger", "message": "Append data to LarkSheet with range: 6e0be3!A1:L2, rows: 1, columns: 12", "service": "cc_reconcile", "stage": "lark", "status": "ok"}
{"timestamp": "2026-02-11T19:05:53+0800", "level": "INFO", "logger": "etl_logger", "message": "✅ Successfully appended data to LarkSheet", "service": "cc_reconcile", "stage": "lark", "status": "ok"}
{"timestamp": "2026-02-11T19:05:54+0800", "level": "INFO", "logger": "etl_logger", "message": "Append data to LarkSheet with range: 6e0be3!A2:L81, rows: 79, columns: 12", "service": "cc_reconcile", "stage": "lark", "status": "ok"}
{"timestamp": "2026-02-11T19:05:54+0800", "level": "INFO", "logger": "etl_logger", "message": "✅ Successfully appended data to LarkSheet", "service": "cc_reconcile", "stage": "lark", "status": "ok"}
{"timestamp": "2026-02-11T19:05:55+0800", "level": "INFO", "logger": "etl_logger", "message": "Upload data to LarkSheet Finish", "service": "cc_reconcile", "stage": "lark", "status": "ok"}
{"timestamp": "2026-02-11T20:00:01+0800", "level": "INFO", "logger": "etl_logger", "message": "Start download reports...", "service": "cc_reconcile", "stage": "download", "status": "ok"}
{"timestamp": "2026-02-11T20:00:04+0800", "level": "INFO", "logger": "etl_logger", "message": "Payabl Login Success and Get Token Success", "service": "cc_reconcile", "stage": "download_payabl", "status": "ok"}
{"timestamp": "2026-02-11T20:00:04+0800", "level": "INFO", "logger": "etl_logger", "message": "Start downloading Payabl CC Report for date: 2026-02-10...", "service": "cc_reconcile", "stage": "download_payabl", "status": "ok"}
{"timestamp": "2026-02-11T20:00:41+0800", "level": "INFO", "logger": "etl_logger", "message": "Start downloading Payabl CC Report for date: 2026-02-11...", "service": "cc_reconcile", "stage": "download_payabl", "status": "ok"}
{"timestamp": "2026-02-11T20:00:59+0800", "level": "INFO", "logger": "etl_logger", "message": "Finish downloading Payabl CC Report", "service": "cc_reconcile", "stage": "download_payabl", "status": "ok"}
{"timestamp": "2026-02-11T20:00:59+0800", "level": "INFO", "logger": "etl_logger", "message": "Download Payabl CC Report Finish ，Total: 74117", "service": "cc_reconcile", "stage": "download", "status": "ok"}
{"timestamp": "2026-02-11T20:01:00+0800", "level": "INFO", "logger": "etl_logger", "message": "Login successful, cookies obtained", "service": "cc_reconcile", "stage": "download_davinci", "status": "ok"}
{"timestamp": "2026-02-11T20:01:00+0800", "level": "INFO", "logger": "etl_logger", "message": "Token obtained successfully", "service": "cc_reconcile", "stage": "download_davinci", "status": "ok"}
{"timestamp": "2026-02-11T20:01:00+0800", "level": "INFO", "logger": "etl_logger", "message": "Start downloading Davinci CC Report for brand: VFSC...", "service": "cc_reconcile", "stage": "download_davinci", "status": "ok"}
{"timestamp": "2026-02-11T20:01:17+0800", "level": "INFO", "logger": "etl_logger", "message": "POST success (VFSC 2026-02-08): cc_withdraw_detail_report_20260211120117.csv, took 16.9s", "service": "cc_reconcile", "stage": "download_davinci", "status": "ok"}
{"timestamp": "2026-02-11T20:01:19+0800", "level": "INFO", "logger": "etl_logger", "message": "Download success (VFSC 2026-02-08): cc_withdraw_detail_report_20260211120117.csv, took 1.7s", "service": "cc_reconcile", "stage": "download_davinci", "status": "ok"}
{"timestamp": "2026-02-11T20:01:35+0800", "level": "INFO", "logger": "etl_logger", "message": "POST success (VFSC 2026-02-09): cc_withdraw_detail_report_20260211120135.csv, took 16.7s", "service": "cc_reconcile", "stage": "download_davinci", "status": "ok"}
{"timestamp": "2026-02-11T20:01:38+0800", "level": "INFO", "logger": "etl_logger", "message": "Download success (VFSC 2026-02-09): cc_withdraw_detail_report_20260211120135.csv, took 2.1s", "service": "cc_reconcile", "stage": "download_davinci", "status": "ok"}
{"timestamp": "2026-02-11T20:01:55+0800", "level": "INFO", "logger": "etl_logger", "message": "POST success (VFSC 2026-02-10): cc_withdraw_detail_report_20260211120154.csv, took 17.0s", "service": "cc_reconcile", "stage": "download_davinci", "status": "ok"}
{"timestamp": "2026-02-11T20:01:57+0800", "level": "INFO", "logger": "etl_logger", "message": "Download success (VFSC 2026-02-10): cc_withdraw_detail_report_20260211120154.csv, took 2.2s", "service": "cc_reconcile", "stage": "download_davinci", "status": "ok"}
{"timestamp": "2026-02-11T20:02:14+0800", "level": "INFO", "logger": "etl_logger", "message": "POST success (VFSC 2026-02-11): cc_withdraw_detail_report_20260211120214.csv, took 17.2s", "service": "cc_reconcile", "stage": "download_davinci", "status": "ok"}
{"timestamp": "2026-02-11T20:02:16+0800", "level": "INFO", "logger": "etl_logger", "message": "Download success (VFSC 2026-02-11): cc_withdraw_detail_report_20260211120214.csv, took 2.0s", "service": "cc_reconcile", "stage": "download_davinci", "status": "ok"}
{"timestamp": "2026-02-11T20:02:16+0800", "level": "INFO", "logger": "etl_logger", "message": "Finish downloading Davinci CC - VFSC Report", "service": "cc_reconcile", "stage": "download_davinci", "status": "ok"}
{"timestamp": "2026-02-11T20:02:16+0800", "level": "INFO", "logger": "etl_logger", "message": "Start downloading Davinci CC Report for brand: VFSC2...", "service": "cc_reconcile", "stage": "download_davinci", "status": "ok"}
{"timestamp": "2026-02-11T20:03:03+0800", "level": "INFO", "logger": "etl_logger", "message": "POST success (VFSC2 2026-02-08): cc_withdraw_detail_report_20260211120303.csv, took 47.4s", "service": "cc_reconcile", "stage": "download_davinci", "status": "ok"}
{"timestamp": "2026-02-11T20:03:06+0800", "level": "INFO", "logger": "etl_logger", "message": "Download success (VFSC2 2026-02-08): cc_withdraw_detail_report_20260211120303.csv, took 2.5s", "service": "cc_reconcile", "stage": "download_davinci", "status": "ok"}
{"timestamp": "2026-02-11T20:03:55+0800", "level": "INFO", "logger": "etl_logger", "message": "POST success (VFSC2 2026-02-09): cc_withdraw_detail_report_20260211120355.csv, took 49.5s", "service": "cc_reconcile", "stage": "download_davinci", "status": "ok"}
{"timestamp": "2026-02-11T20:03:58+0800", "level": "INFO", "logger": "etl_logger", "message": "Download success (VFSC2 2026-02-09): cc_withdraw_detail_report_20260211120355.csv, took 3.1s", "service": "cc_reconcile", "stage": "download_davinci", "status": "ok"}
{"timestamp": "2026-02-11T20:04:48+0800", "level": "INFO", "logger": "etl_logger", "message": "POST success (VFSC2 2026-02-10): cc_withdraw_detail_report_20260211120448.csv, took 49.8s", "service": "cc_reconcile", "stage": "download_davinci", "status": "ok"}
{"timestamp": "2026-02-11T20:04:51+0800", "level": "INFO", "logger": "etl_logger", "message": "Download success (VFSC2 2026-02-10): cc_withdraw_detail_report_20260211120448.csv, took 2.9s", "service": "cc_reconcile", "stage": "download_davinci", "status": "ok"}
{"timestamp": "2026-02-11T20:05:39+0800", "level": "INFO", "logger": "etl_logger", "message": "POST success (VFSC2 2026-02-11): cc_withdraw_detail_report_20260211120539.csv, took 47.8s", "service": "cc_reconcile", "stage": "download_davinci", "status": "ok"}
{"timestamp": "2026-02-11T20:05:42+0800", "level": "INFO", "logger": "etl_logger", "message": "Download success (VFSC2 2026-02-11): cc_withdraw_detail_report_20260211120539.csv, took 2.6s", "service": "cc_reconcile", "stage": "download_davinci", "status": "ok"}
{"timestamp": "2026-02-11T20:05:42+0800", "level": "INFO", "logger": "etl_logger", "message": "Finish downloading Davinci CC - VFSC2 Report", "service": "cc_reconcile", "stage": "download_davinci", "status": "ok"}
{"timestamp": "2026-02-11T20:05:42+0800", "level": "INFO", "logger": "etl_logger", "message": "Finish downloading Davinci CC Report for all brands, total rows: 34672", "service": "cc_reconcile", "stage": "download_davinci", "status": "ok"}
{"timestamp": "2026-02-11T20:05:42+0800", "level": "INFO", "logger": "etl_logger", "message": "Download CRM CC Report Finish ，Total: 34672", "service": "cc_reconcile", "stage": "download", "status": "ok"}
{"timestamp": "2026-02-11T20:05:42+0800", "level": "INFO", "logger": "etl_logger", "message": "Start reconcile...", "service": "cc_reconcile", "stage": "reconcile", "status": "ok"}
{"timestamp": "2026-02-11T20:05:43+0800", "level": "INFO", "logger": "etl_logger", "message": "Reconcile Finish ，Total Mismatch Case: 82", "service": "cc_reconcile", "stage": "reconcile", "status": "ok"}
{"timestamp": "2026-02-11T20:05:43+0800", "level": "INFO", "logger": "etl_logger", "message": "Connect Lark Finish", "service": "cc_reconcile", "stage": "lark", "status": "ok"}
{"timestamp": "2026-02-11T20:05:44+0800", "level": "INFO", "logger": "etl_logger", "message": "✅ Successfully retrieved file list from Lark Drive", "service": "cc_reconcile", "stage": "lark", "status": "ok"}
{"timestamp": "2026-02-11T20:05:44+0800", "level": "INFO", "logger": "etl_logger", "message": "Get file list in LarkFolder Finish", "service": "cc_reconcile", "stage": "lark", "status": "ok"}
{"timestamp": "2026-02-11T20:05:44+0800", "level": "INFO", "logger": "etl_logger", "message": "Found LarkSheet - Name: peter sheet, Token: Y4kHsx8L7herZXtbQgdlIsjZgOd, Sheet ID: 6e0be3", "service": "cc_reconcile", "stage": "lark", "status": "ok"}
{"timestamp": "2026-02-11T20:05:44+0800", "level": "INFO", "logger": "etl_logger", "message": "Start query existing data in LarkSheet...", "service": "cc_reconcile", "stage": "lark", "status": "ok"}
{"timestamp": "2026-02-11T20:05:44+0800", "level": "INFO", "logger": "etl_logger", "message": "Query existing data in LarkSheet Finish", "service": "cc_reconcile", "stage": "lark", "status": "ok"}
{"timestamp": "2026-02-11T20:05:44+0800", "level": "INFO", "logger": "etl_logger", "message": "Total unique keys in LarkSheet: 76, Total new mismatch cases to upload: 3", "service": "cc_reconcile", "stage": "lark", "status": "ok"}
{"timestamp": "2026-02-11T20:05:44+0800", "level": "INFO", "logger": "etl_logger", "message": "Append data to LarkSheet with range: 6e0be3!A2:L5, rows: 3, columns: 12", "service": "cc_reconcile", "stage": "lark", "status": "ok"}
{"timestamp": "2026-02-11T20:05:45+0800", "level": "INFO", "logger": "etl_logger", "message": "✅ Successfully appended data to LarkSheet", "service": "cc_reconcile", "stage": "lark", "status": "ok"}
{"timestamp": "2026-02-11T20:05:45+0800", "level": "INFO", "logger": "etl_logger", "message": "Upload data to LarkSheet Finish", "service": "cc_reconcile", "stage": "lark", "status": "ok"}
{"timestamp": "2026-02-11T21:00:01+0800", "level": "INFO", "logger": "etl_logger", "message": "Start download reports...", "service": "cc_reconcile", "stage": "download", "status": "ok"}
{"timestamp": "2026-02-11T21:00:05+0800", "level": "INFO", "logger": "etl_logger", "message": "Payabl Login Success and Get Token Success", "service": "cc_reconcile", "stage": "download_payabl", "status": "ok"}
{"timestamp": "2026-02-11T21:00:05+0800", "level": "INFO", "logger": "etl_logger", "message": "Start downloading Payabl CC Report for date: 2026-02-10...", "service": "cc_reconcile", "stage": "download_payabl", "status": "ok"}
{"timestamp": "2026-02-11T21:00:51+0800", "level": "INFO", "logger": "etl_logger", "message": "Start downloading Payabl CC Report for date: 2026-02-11...", "service": "cc_reconcile", "stage": "download_payabl", "status": "ok"}
{"timestamp": "2026-02-11T21:01:11+0800", "level": "INFO", "logger": "etl_logger", "message": "Finish downloading Payabl CC Report", "service": "cc_reconcile", "stage": "download_payabl", "status": "ok"}
{"timestamp": "2026-02-11T21:01:11+0800", "level": "INFO", "logger": "etl_logger", "message": "Download Payabl CC Report Finish ，Total: 78879", "service": "cc_reconcile", "stage": "download", "status": "ok"}
{"timestamp": "2026-02-11T21:01:12+0800", "level": "INFO", "logger": "etl_logger", "message": "Login successful, cookies obtained", "service": "cc_reconcile", "stage": "download_davinci", "status": "ok"}
{"timestamp": "2026-02-11T21:01:12+0800", "level": "INFO", "logger": "etl_logger", "message": "Token obtained successfully", "service": "cc_reconcile", "stage": "download_davinci", "status": "ok"}
{"timestamp": "2026-02-11T21:01:12+0800", "level": "INFO", "logger": "etl_logger", "message": "Start downloading Davinci CC Report for brand: VFSC...", "service": "cc_reconcile", "stage": "download_davinci", "status": "ok"}
{"timestamp": "2026-02-11T21:01:30+0800", "level": "INFO", "logger": "etl_logger", "message": "POST success (VFSC 2026-02-08): cc_withdraw_detail_report_20260211130130.csv, took 18.0s", "service": "cc_reconcile", "stage": "download_davinci", "status": "ok"}
{"timestamp": "2026-02-11T21:01:32+0800", "level": "INFO", "logger": "etl_logger", "message": "Download success (VFSC 2026-02-08): cc_withdraw_detail_report_20260211130130.csv, took 1.7s", "service": "cc_reconcile", "stage": "download_davinci", "status": "ok"}
{"timestamp": "2026-02-11T21:01:50+0800", "level": "INFO", "logger": "etl_logger", "message": "POST success (VFSC 2026-02-09): cc_withdraw_detail_report_20260211130150.csv, took 18.1s", "service": "cc_reconcile", "stage": "download_davinci", "status": "ok"}
{"timestamp": "2026-02-11T21:01:52+0800", "level": "INFO", "logger": "etl_logger", "message": "Download success (VFSC 2026-02-09): cc_withdraw_detail_report_20260211130150.csv, took 1.7s", "service": "cc_reconcile", "stage": "download_davinci", "status": "ok"}
{"timestamp": "2026-02-11T21:02:10+0800", "level": "INFO", "logger": "etl_logger", "message": "POST success (VFSC 2026-02-10): cc_withdraw_detail_report_20260211130210.csv, took 17.9s", "service": "cc_reconcile", "stage": "download_davinci", "status": "ok"}
{"timestamp": "2026-02-11T21:02:12+0800", "level": "INFO", "logger": "etl_logger", "message": "Download success (VFSC 2026-02-10): cc_withdraw_detail_report_20260211130210.csv, took 2.1s", "service": "cc_reconcile", "stage": "download_davinci", "status": "ok"}
{"timestamp": "2026-02-11T21:02:30+0800", "level": "INFO", "logger": "etl_logger", "message": "POST success (VFSC 2026-02-11): cc_withdraw_detail_report_20260211130229.csv, took 17.6s", "service": "cc_reconcile", "stage": "download_davinci", "status": "ok"}
{"timestamp": "2026-02-11T21:02:31+0800", "level": "INFO", "logger": "etl_logger", "message": "Download success (VFSC 2026-02-11): cc_withdraw_detail_report_20260211130229.csv, took 1.9s", "service": "cc_reconcile", "stage": "download_davinci", "status": "ok"}
{"timestamp": "2026-02-11T21:02:32+0800", "level": "INFO", "logger": "etl_logger", "message": "Finish downloading Davinci CC - VFSC Report", "service": "cc_reconcile", "stage": "download_davinci", "status": "ok"}
{"timestamp": "2026-02-11T21:02:32+0800", "level": "INFO", "logger": "etl_logger", "message": "Start downloading Davinci CC Report for brand: VFSC2...", "service": "cc_reconcile", "stage": "download_davinci", "status": "ok"}
{"timestamp": "2026-02-11T21:03:19+0800", "level": "INFO", "logger": "etl_logger", "message": "POST success (VFSC2 2026-02-08): cc_withdraw_detail_report_20260211130319.csv, took 47.8s", "service": "cc_reconcile", "stage": "download_davinci", "status": "ok"}
{"timestamp": "2026-02-11T21:03:22+0800", "level": "INFO", "logger": "etl_logger", "message": "Download success (VFSC2 2026-02-08): cc_withdraw_detail_report_20260211130319.csv, took 2.4s", "service": "cc_reconcile", "stage": "download_davinci", "status": "ok"}
{"timestamp": "2026-02-11T21:04:13+0800", "level": "INFO", "logger": "etl_logger", "message": "POST success (VFSC2 2026-02-09): cc_withdraw_detail_report_20260211130413.csv, took 51.2s", "service": "cc_reconcile", "stage": "download_davinci", "status": "ok"}
{"timestamp": "2026-02-11T21:04:16+0800", "level": "INFO", "logger": "etl_logger", "message": "Download success (VFSC2 2026-02-09): cc_withdraw_detail_report_20260211130413.csv, took 3.1s", "service": "cc_reconcile", "stage": "download_davinci", "status": "ok"}
{"timestamp": "2026-02-11T21:05:05+0800", "level": "INFO", "logger": "etl_logger", "message": "POST success (VFSC2 2026-02-10): cc_withdraw_detail_report_20260211130505.csv, took 49.1s", "service": "cc_reconcile", "stage": "download_davinci", "status": "ok"}
{"timestamp": "2026-02-11T21:05:08+0800", "level": "INFO", "logger": "etl_logger", "message": "Download success (VFSC2 2026-02-10): cc_withdraw_detail_report_20260211130505.csv, took 3.0s", "service": "cc_reconcile", "stage": "download_davinci", "status": "ok"}
{"timestamp": "2026-02-11T21:05:57+0800", "level": "INFO", "logger": "etl_logger", "message": "POST success (VFSC2 2026-02-11): cc_withdraw_detail_report_20260211130556.csv, took 48.4s", "service": "cc_reconcile", "stage": "download_davinci", "status": "ok"}
{"timestamp": "2026-02-11T21:05:59+0800", "level": "INFO", "logger": "etl_logger", "message": "Download success (VFSC2 2026-02-11): cc_withdraw_detail_report_20260211130556.csv, took 2.6s", "service": "cc_reconcile", "stage": "download_davinci", "status": "ok"}
{"timestamp": "2026-02-11T21:06:00+0800", "level": "INFO", "logger": "etl_logger", "message": "Finish downloading Davinci CC - VFSC2 Report", "service": "cc_reconcile", "stage": "download_davinci", "status": "ok"}
{"timestamp": "2026-02-11T21:06:00+0800", "level": "INFO", "logger": "etl_logger", "message": "Finish downloading Davinci CC Report for all brands, total rows: 35587", "service": "cc_reconcile", "stage": "download_davinci", "status": "ok"}
{"timestamp": "2026-02-11T21:06:00+0800", "level": "INFO", "logger": "etl_logger", "message": "Download CRM CC Report Finish ，Total: 35587", "service": "cc_reconcile", "stage": "download", "status": "ok"}
{"timestamp": "2026-02-11T21:06:00+0800", "level": "INFO", "logger": "etl_logger", "message": "Start reconcile...", "service": "cc_reconcile", "stage": "reconcile", "status": "ok"}
{"timestamp": "2026-02-11T21:06:00+0800", "level": "INFO", "logger": "etl_logger", "message": "Reconcile Finish ，Total Mismatch Case: 89", "service": "cc_reconcile", "stage": "reconcile", "status": "ok"}
{"timestamp": "2026-02-11T21:06:01+0800", "level": "INFO", "logger": "etl_logger", "message": "Connect Lark Finish", "service": "cc_reconcile", "stage": "lark", "status": "ok"}
{"timestamp": "2026-02-11T21:06:01+0800", "level": "INFO", "logger": "etl_logger", "message": "✅ Successfully retrieved file list from Lark Drive", "service": "cc_reconcile", "stage": "lark", "status": "ok"}
{"timestamp": "2026-02-11T21:06:01+0800", "level": "INFO", "logger": "etl_logger", "message": "Get file list in LarkFolder Finish", "service": "cc_reconcile", "stage": "lark", "status": "ok"}
{"timestamp": "2026-02-11T21:06:02+0800", "level": "INFO", "logger": "etl_logger", "message": "Found LarkSheet - Name: peter sheet, Token: Y4kHsx8L7herZXtbQgdlIsjZgOd, Sheet ID: 6e0be3", "service": "cc_reconcile", "stage": "lark", "status": "ok"}
{"timestamp": "2026-02-11T21:06:02+0800", "level": "INFO", "logger": "etl_logger", "message": "Start query existing data in LarkSheet...", "service": "cc_reconcile", "stage": "lark", "status": "ok"}
{"timestamp": "2026-02-11T21:06:02+0800", "level": "INFO", "logger": "etl_logger", "message": "Query existing data in LarkSheet Finish", "service": "cc_reconcile", "stage": "lark", "status": "ok"}
{"timestamp": "2026-02-11T21:06:02+0800", "level": "INFO", "logger": "etl_logger", "message": "Total unique keys in LarkSheet: 79, Total new mismatch cases to upload: 7", "service": "cc_reconcile", "stage": "lark", "status": "ok"}
{"timestamp": "2026-02-11T21:06:02+0800", "level": "INFO", "logger": "etl_logger", "message": "Append data to LarkSheet with range: 6e0be3!A2:L9, rows: 7, columns: 12", "service": "cc_reconcile", "stage": "lark", "status": "ok"}
{"timestamp": "2026-02-11T21:06:02+0800", "level": "INFO", "logger": "etl_logger", "message": "✅ Successfully appended data to LarkSheet", "service": "cc_reconcile", "stage": "lark", "status": "ok"}
{"timestamp": "2026-02-11T21:06:03+0800", "level": "INFO", "logger": "etl_logger", "message": "Upload data to LarkSheet Finish", "service": "cc_reconcile", "stage": "lark", "status": "ok"}
{"timestamp": "2026-02-11T22:00:01+0800", "level": "INFO", "logger": "etl_logger", "message": "Start download reports...", "service": "cc_reconcile", "stage": "download", "status": "ok"}
{"timestamp": "2026-02-11T22:00:04+0800", "level": "INFO", "logger": "etl_logger", "message": "Payabl Login Success and Get Token Success", "service": "cc_reconcile", "stage": "download_payabl", "status": "ok"}
{"timestamp": "2026-02-11T22:00:04+0800", "level": "INFO", "logger": "etl_logger", "message": "Start downloading Payabl CC Report for date: 2026-02-10...", "service": "cc_reconcile", "stage": "download_payabl", "status": "ok"}
{"timestamp": "2026-02-11T22:00:43+0800", "level": "INFO", "logger": "etl_logger", "message": "Start downloading Payabl CC Report for date: 2026-02-11...", "service": "cc_reconcile", "stage": "download_payabl", "status": "ok"}
{"timestamp": "2026-02-11T22:01:10+0800", "level": "INFO", "logger": "etl_logger", "message": "Finish downloading Payabl CC Report", "service": "cc_reconcile", "stage": "download_payabl", "status": "ok"}
{"timestamp": "2026-02-11T22:01:10+0800", "level": "INFO", "logger": "etl_logger", "message": "Download Payabl CC Report Finish ，Total: 81768", "service": "cc_reconcile", "stage": "download", "status": "ok"}
{"timestamp": "2026-02-11T22:01:12+0800", "level": "INFO", "logger": "etl_logger", "message": "Login successful, cookies obtained", "service": "cc_reconcile", "stage": "download_davinci", "status": "ok"}
{"timestamp": "2026-02-11T22:01:12+0800", "level": "INFO", "logger": "etl_logger", "message": "Token obtained successfully", "service": "cc_reconcile", "stage": "download_davinci", "status": "ok"}
{"timestamp": "2026-02-11T22:01:12+0800", "level": "INFO", "logger": "etl_logger", "message": "Start downloading Davinci CC Report for brand: VFSC...", "service": "cc_reconcile", "stage": "download_davinci", "status": "ok"}
{"timestamp": "2026-02-11T22:01:30+0800", "level": "INFO", "logger": "etl_logger", "message": "POST success (VFSC 2026-02-08): cc_withdraw_detail_report_20260211140129.csv, took 17.4s", "service": "cc_reconcile", "stage": "download_davinci", "status": "ok"}
{"timestamp": "2026-02-11T22:01:31+0800", "level": "INFO", "logger": "etl_logger", "message": "Download success (VFSC 2026-02-08): cc_withdraw_detail_report_20260211140129.csv, took 1.6s", "service": "cc_reconcile", "stage": "download_davinci", "status": "ok"}
{"timestamp": "2026-02-11T22:01:48+0800", "level": "INFO", "logger": "etl_logger", "message": "POST success (VFSC 2026-02-09): cc_withdraw_detail_report_20260211140148.csv, took 16.7s", "service": "cc_reconcile", "stage": "download_davinci", "status": "ok"}
{"timestamp": "2026-02-11T22:01:50+0800", "level": "INFO", "logger": "etl_logger", "message": "Download success (VFSC 2026-02-09): cc_withdraw_detail_report_20260211140148.csv, took 2.2s", "service": "cc_reconcile", "stage": "download_davinci", "status": "ok"}
{"timestamp": "2026-02-11T22:02:07+0800", "level": "INFO", "logger": "etl_logger", "message": "POST success (VFSC 2026-02-10): cc_withdraw_detail_report_20260211140207.csv, took 17.3s", "service": "cc_reconcile", "stage": "download_davinci", "status": "ok"}
{"timestamp": "2026-02-11T22:02:09+0800", "level": "INFO", "logger": "etl_logger", "message": "Download success (VFSC 2026-02-10): cc_withdraw_detail_report_20260211140207.csv, took 2.1s", "service": "cc_reconcile", "stage": "download_davinci", "status": "ok"}
{"timestamp": "2026-02-11T22:02:27+0800", "level": "INFO", "logger": "etl_logger", "message": "POST success (VFSC 2026-02-11): cc_withdraw_detail_report_20260211140227.csv, took 17.3s", "service": "cc_reconcile", "stage": "download_davinci", "status": "ok"}
{"timestamp": "2026-02-11T22:02:29+0800", "level": "INFO", "logger": "etl_logger", "message": "Download success (VFSC 2026-02-11): cc_withdraw_detail_report_20260211140227.csv, took 1.9s", "service": "cc_reconcile", "stage": "download_davinci", "status": "ok"}
{"timestamp": "2026-02-11T22:02:29+0800", "level": "INFO", "logger": "etl_logger", "message": "Finish downloading Davinci CC - VFSC Report", "service": "cc_reconcile", "stage": "download_davinci", "status": "ok"}
{"timestamp": "2026-02-11T22:02:29+0800", "level": "INFO", "logger": "etl_logger", "message": "Start downloading Davinci CC Report for brand: VFSC2...", "service": "cc_reconcile", "stage": "download_davinci", "status": "ok"}
{"timestamp": "2026-02-11T22:03:18+0800", "level": "INFO", "logger": "etl_logger", "message": "POST success (VFSC2 2026-02-08): cc_withdraw_detail_report_20260211140318.csv, took 49.0s", "service": "cc_reconcile", "stage": "download_davinci", "status": "ok"}
{"timestamp": "2026-02-11T22:03:20+0800", "level": "INFO", "logger": "etl_logger", "message": "Download success (VFSC2 2026-02-08): cc_withdraw_detail_report_20260211140318.csv, took 2.3s", "service": "cc_reconcile", "stage": "download_davinci", "status": "ok"}
{"timestamp": "2026-02-11T22:04:10+0800", "level": "INFO", "logger": "etl_logger", "message": "POST success (VFSC2 2026-02-09): cc_withdraw_detail_report_20260211140410.csv, took 50.0s", "service": "cc_reconcile", "stage": "download_davinci", "status": "ok"}
{"timestamp": "2026-02-11T22:04:13+0800", "level": "INFO", "logger": "etl_logger", "message": "Download success (VFSC2 2026-02-09): cc_withdraw_detail_report_20260211140410.csv, took 3.4s", "service": "cc_reconcile", "stage": "download_davinci", "status": "ok"}
{"timestamp": "2026-02-11T22:05:03+0800", "level": "INFO", "logger": "etl_logger", "message": "POST success (VFSC2 2026-02-10): cc_withdraw_detail_report_20260211140503.csv, took 49.5s", "service": "cc_reconcile", "stage": "download_davinci", "status": "ok"}
{"timestamp": "2026-02-11T22:05:06+0800", "level": "INFO", "logger": "etl_logger", "message": "Download success (VFSC2 2026-02-10): cc_withdraw_detail_report_20260211140503.csv, took 3.0s", "service": "cc_reconcile", "stage": "download_davinci", "status": "ok"}
{"timestamp": "2026-02-11T22:05:54+0800", "level": "INFO", "logger": "etl_logger", "message": "POST success (VFSC2 2026-02-11): cc_withdraw_detail_report_20260211140554.csv, took 48.5s", "service": "cc_reconcile", "stage": "download_davinci", "status": "ok"}
{"timestamp": "2026-02-11T22:05:57+0800", "level": "INFO", "logger": "etl_logger", "message": "Download success (VFSC2 2026-02-11): cc_withdraw_detail_report_20260211140554.csv, took 2.6s", "service": "cc_reconcile", "stage": "download_davinci", "status": "ok"}
{"timestamp": "2026-02-11T22:05:58+0800", "level": "INFO", "logger": "etl_logger", "message": "Finish downloading Davinci CC - VFSC2 Report", "service": "cc_reconcile", "stage": "download_davinci", "status": "ok"}
{"timestamp": "2026-02-11T22:05:58+0800", "level": "INFO", "logger": "etl_logger", "message": "Finish downloading Davinci CC Report for all brands, total rows: 35977", "service": "cc_reconcile", "stage": "download_davinci", "status": "ok"}
{"timestamp": "2026-02-11T22:05:58+0800", "level": "INFO", "logger": "etl_logger", "message": "Download CRM CC Report Finish ，Total: 35977", "service": "cc_reconcile", "stage": "download", "status": "ok"}
{"timestamp": "2026-02-11T22:05:58+0800", "level": "INFO", "logger": "etl_logger", "message": "Start reconcile...", "service": "cc_reconcile", "stage": "reconcile", "status": "ok"}
{"timestamp": "2026-02-11T22:05:58+0800", "level": "INFO", "logger": "etl_logger", "message": "Reconcile Finish ，Total Mismatch Case: 92", "service": "cc_reconcile", "stage": "reconcile", "status": "ok"}
{"timestamp": "2026-02-11T22:05:58+0800", "level": "INFO", "logger": "etl_logger", "message": "Connect Lark Finish", "service": "cc_reconcile", "stage": "lark", "status": "ok"}
{"timestamp": "2026-02-11T22:05:59+0800", "level": "INFO", "logger": "etl_logger", "message": "✅ Successfully retrieved file list from Lark Drive", "service": "cc_reconcile", "stage": "lark", "status": "ok"}
{"timestamp": "2026-02-11T22:05:59+0800", "level": "INFO", "logger": "etl_logger", "message": "Get file list in LarkFolder Finish", "service": "cc_reconcile", "stage": "lark", "status": "ok"}
{"timestamp": "2026-02-11T22:05:59+0800", "level": "INFO", "logger": "etl_logger", "message": "Found LarkSheet - Name: peter sheet, Token: Y4kHsx8L7herZXtbQgdlIsjZgOd, Sheet ID: 6e0be3", "service": "cc_reconcile", "stage": "lark", "status": "ok"}
{"timestamp": "2026-02-11T22:05:59+0800", "level": "INFO", "logger": "etl_logger", "message": "Start query existing data in LarkSheet...", "service": "cc_reconcile", "stage": "lark", "status": "ok"}
{"timestamp": "2026-02-11T22:06:00+0800", "level": "INFO", "logger": "etl_logger", "message": "Query existing data in LarkSheet Finish", "service": "cc_reconcile", "stage": "lark", "status": "ok"}
{"timestamp": "2026-02-11T22:06:00+0800", "level": "INFO", "logger": "etl_logger", "message": "Total unique keys in LarkSheet: 86, Total new mismatch cases to upload: 3", "service": "cc_reconcile", "stage": "lark", "status": "ok"}
{"timestamp": "2026-02-11T22:06:00+0800", "level": "INFO", "logger": "etl_logger", "message": "Append data to LarkSheet with range: 6e0be3!A2:L5, rows: 3, columns: 12", "service": "cc_reconcile", "stage": "lark", "status": "ok"}
{"timestamp": "2026-02-11T22:06:00+0800", "level": "INFO", "logger": "etl_logger", "message": "✅ Successfully appended data to LarkSheet", "service": "cc_reconcile", "stage": "lark", "status": "ok"}
{"timestamp": "2026-02-11T22:06:01+0800", "level": "INFO", "logger": "etl_logger", "message": "Upload data to LarkSheet Finish", "service": "cc_reconcile", "stage": "lark", "status": "ok"}
