/bin/sh: 1: root: not found
{"timestamp": "2026-02-11T14:13:02+0800", "level": "INFO", "logger": "etl_logger", "message": "Start download reports...", "service": "cc_reconcile", "stage": "download", "status": "ok"}
{"timestamp": "2026-02-11T14:13:05+0800", "level": "INFO", "logger": "etl_logger", "message": "Payabl Login Success and Get Token Success", "service": "cc_reconcile", "stage": "download_payabl", "status": "ok"}
{"timestamp": "2026-02-11T14:13:05+0800", "level": "INFO", "logger": "etl_logger", "message": "Start downloading Payabl CC Report for date: 2026-02-10...", "service": "cc_reconcile", "stage": "download_payabl", "status": "ok"}
{"timestamp": "2026-02-11T14:13:43+0800", "level": "INFO", "logger": "etl_logger", "message": "Start downloading Payabl CC Report for date: 2026-02-11...", "service": "cc_reconcile", "stage": "download_payabl", "status": "ok"}
{"timestamp": "2026-02-11T14:13:57+0800", "level": "INFO", "logger": "etl_logger", "message": "Finish downloading Payabl CC Report", "service": "cc_reconcile", "stage": "download_payabl", "status": "ok"}
{"timestamp": "2026-02-11T14:13:57+0800", "level": "INFO", "logger": "etl_logger", "message": "Download Payabl CC Report Finish ，Total: 59553", "service": "cc_reconcile", "stage": "download", "status": "ok"}
{"timestamp": "2026-02-11T14:13:58+0800", "level": "INFO", "logger": "etl_logger", "message": "Login successful, cookies obtained", "service": "cc_reconcile", "stage": "download_davinci", "status": "ok"}
{"timestamp": "2026-02-11T14:13:58+0800", "level": "INFO", "logger": "etl_logger", "message": "Token obtained successfully", "service": "cc_reconcile", "stage": "download_davinci", "status": "ok"}
{"timestamp": "2026-02-11T14:13:58+0800", "level": "INFO", "logger": "etl_logger", "message": "Start downloading Davinci CC Report for brand: VFSC...", "service": "cc_reconcile", "stage": "download_davinci", "status": "ok"}
{"timestamp": "2026-02-11T14:14:16+0800", "level": "INFO", "logger": "etl_logger", "message": "POST success (VFSC 2026-02-08): cc_withdraw_detail_report_20260211061416.csv, took 17.6s", "service": "cc_reconcile", "stage": "download_davinci", "status": "ok"}
{"timestamp": "2026-02-11T14:14:17+0800", "level": "INFO", "logger": "etl_logger", "message": "Download success (VFSC 2026-02-08): cc_withdraw_detail_report_20260211061416.csv, took 1.7s", "service": "cc_reconcile", "stage": "download_davinci", "status": "ok"}
{"timestamp": "2026-02-11T14:14:35+0800", "level": "INFO", "logger": "etl_logger", "message": "POST success (VFSC 2026-02-09): cc_withdraw_detail_report_20260211061435.csv, took 17.6s", "service": "cc_reconcile", "stage": "download_davinci", "status": "ok"}
{"timestamp": "2026-02-11T14:14:37+0800", "level": "INFO", "logger": "etl_logger", "message": "Download success (VFSC 2026-02-09): cc_withdraw_detail_report_20260211061435.csv, took 2.2s", "service": "cc_reconcile", "stage": "download_davinci", "status": "ok"}
{"timestamp": "2026-02-11T14:14:55+0800", "level": "INFO", "logger": "etl_logger", "message": "POST success (VFSC 2026-02-10): cc_withdraw_detail_report_20260211061455.csv, took 18.0s", "service": "cc_reconcile", "stage": "download_davinci", "status": "ok"}
{"timestamp": "2026-02-11T14:14:57+0800", "level": "INFO", "logger": "etl_logger", "message": "Download success (VFSC 2026-02-10): cc_withdraw_detail_report_20260211061455.csv, took 2.1s", "service": "cc_reconcile", "stage": "download_davinci", "status": "ok"}
{"timestamp": "2026-02-11T14:15:14+0800", "level": "INFO", "logger": "etl_logger", "message": "POST success (VFSC 2026-02-11): cc_withdraw_detail_report_20260211061514.csv, took 16.6s", "service": "cc_reconcile", "stage": "download_davinci", "status": "ok"}
{"timestamp": "2026-02-11T14:15:16+0800", "level": "INFO", "logger": "etl_logger", "message": "Download success (VFSC 2026-02-11): cc_withdraw_detail_report_20260211061514.csv, took 1.7s", "service": "cc_reconcile", "stage": "download_davinci", "status": "ok"}
{"timestamp": "2026-02-11T14:15:16+0800", "level": "INFO", "logger": "etl_logger", "message": "Finish downloading Davinci CC - VFSC Report", "service": "cc_reconcile", "stage": "download_davinci", "status": "ok"}
{"timestamp": "2026-02-11T14:15:16+0800", "level": "INFO", "logger": "etl_logger", "message": "Start downloading Davinci CC Report for brand: VFSC2...", "service": "cc_reconcile", "stage": "download_davinci", "status": "ok"}
{"timestamp": "2026-02-11T14:16:03+0800", "level": "INFO", "logger": "etl_logger", "message": "POST success (VFSC2 2026-02-08): cc_withdraw_detail_report_20260211061603.csv, took 47.1s", "service": "cc_reconcile", "stage": "download_davinci", "status": "ok"}
{"timestamp": "2026-02-11T14:16:05+0800", "level": "INFO", "logger": "etl_logger", "message": "Download success (VFSC2 2026-02-08): cc_withdraw_detail_report_20260211061603.csv, took 2.4s", "service": "cc_reconcile", "stage": "download_davinci", "status": "ok"}
{"timestamp": "2026-02-11T14:16:55+0800", "level": "INFO", "logger": "etl_logger", "message": "POST success (VFSC2 2026-02-09): cc_withdraw_detail_report_20260211061655.csv, took 49.9s", "service": "cc_reconcile", "stage": "download_davinci", "status": "ok"}
{"timestamp": "2026-02-11T14:16:58+0800", "level": "INFO", "logger": "etl_logger", "message": "Download success (VFSC2 2026-02-09): cc_withdraw_detail_report_20260211061655.csv, took 3.1s", "service": "cc_reconcile", "stage": "download_davinci", "status": "ok"}
{"timestamp": "2026-02-11T14:17:47+0800", "level": "INFO", "logger": "etl_logger", "message": "POST success (VFSC2 2026-02-10): cc_withdraw_detail_report_20260211061746.csv, took 48.5s", "service": "cc_reconcile", "stage": "download_davinci", "status": "ok"}
{"timestamp": "2026-02-11T14:17:49+0800", "level": "INFO", "logger": "etl_logger", "message": "Download success (VFSC2 2026-02-10): cc_withdraw_detail_report_20260211061746.csv, took 2.4s", "service": "cc_reconcile", "stage": "download_davinci", "status": "ok"}
{"timestamp": "2026-02-11T14:18:37+0800", "level": "INFO", "logger": "etl_logger", "message": "POST success (VFSC2 2026-02-11): cc_withdraw_detail_report_20260211061837.csv, took 47.6s", "service": "cc_reconcile", "stage": "download_davinci", "status": "ok"}
{"timestamp": "2026-02-11T14:18:39+0800", "level": "INFO", "logger": "etl_logger", "message": "Download success (VFSC2 2026-02-11): cc_withdraw_detail_report_20260211061837.csv, took 2.1s", "service": "cc_reconcile", "stage": "download_davinci", "status": "ok"}
{"timestamp": "2026-02-11T14:18:39+0800", "level": "INFO", "logger": "etl_logger", "message": "Finish downloading Davinci CC - VFSC2 Report", "service": "cc_reconcile", "stage": "download_davinci", "status": "ok"}
{"timestamp": "2026-02-11T14:18:39+0800", "level": "INFO", "logger": "etl_logger", "message": "Finish downloading Davinci CC Report for all brands, total rows: 31976", "service": "cc_reconcile", "stage": "download_davinci", "status": "ok"}
{"timestamp": "2026-02-11T14:18:39+0800", "level": "INFO", "logger": "etl_logger", "message": "Download CRM CC Report Finish ，Total: 31976", "service": "cc_reconcile", "stage": "download", "status": "ok"}
{"timestamp": "2026-02-11T14:18:39+0800", "level": "INFO", "logger": "etl_logger", "message": "Start reconcile...", "service": "cc_reconcile", "stage": "reconcile", "status": "ok"}
{"timestamp": "2026-02-11T14:18:40+0800", "level": "INFO", "logger": "etl_logger", "message": "Reconcile Finish ，Total Mismatch Case: 72", "service": "cc_reconcile", "stage": "reconcile", "status": "ok"}
{"timestamp": "2026-02-11T14:18:40+0800", "level": "INFO", "logger": "etl_logger", "message": "Connect Lark Finish", "service": "cc_reconcile", "stage": "lark", "status": "ok"}
{"timestamp": "2026-02-11T14:18:41+0800", "level": "INFO", "logger": "etl_logger", "message": "✅ Successfully retrieved file list from Lark Drive", "service": "cc_reconcile", "stage": "lark", "status": "ok"}
{"timestamp": "2026-02-11T14:18:41+0800", "level": "INFO", "logger": "etl_logger", "message": "Get file list in LarkFolder Finish", "service": "cc_reconcile", "stage": "lark", "status": "ok"}
{"timestamp": "2026-02-11T14:18:41+0800", "level": "INFO", "logger": "etl_logger", "message": "Found LarkSheet - Name: peter sheet, Token: Y4kHsx8L7herZXtbQgdlIsjZgOd, Sheet ID: 6e0be3", "service": "cc_reconcile", "stage": "lark", "status": "ok"}
{"timestamp": "2026-02-11T14:18:41+0800", "level": "INFO", "logger": "etl_logger", "message": "Start query existing data in LarkSheet...", "service": "cc_reconcile", "stage": "lark", "status": "ok"}
{"timestamp": "2026-02-11T14:18:42+0800", "level": "INFO", "logger": "etl_logger", "message": "Query existing data in LarkSheet Finish", "service": "cc_reconcile", "stage": "lark", "status": "ok"}
{"timestamp": "2026-02-11T14:18:42+0800", "level": "INFO", "logger": "etl_logger", "message": "Total unique keys in LarkSheet: 68, Total new mismatch cases to upload: 1", "service": "cc_reconcile", "stage": "lark", "status": "ok"}
{"timestamp": "2026-02-11T14:18:42+0800", "level": "INFO", "logger": "etl_logger", "message": "Append data to LarkSheet with range: 6e0be3!A2:L3, rows: 1, columns: 12", "service": "cc_reconcile", "stage": "lark", "status": "ok"}
{"timestamp": "2026-02-11T14:18:42+0800", "level": "INFO", "logger": "etl_logger", "message": "✅ Successfully appended data to LarkSheet", "service": "cc_reconcile", "stage": "lark", "status": "ok"}
{"timestamp": "2026-02-11T14:18:43+0800", "level": "INFO", "logger": "etl_logger", "message": "Upload data to LarkSheet Finish", "service": "cc_reconcile", "stage": "lark", "status": "ok"}
